  Determining projects to restore...
  All projects are up-to-date for restore.
C:\Users\Nitesh_\.nuget\packages\microsoft.net.test.sdk\18.3.0\build\net8.0\Microsoft.NET.Test.Sdk.Program.cs(4,41): warning CS7022: The entry point of the program is global code; ignoring 'AutoGeneratedProgram.Main(string[])' entry point. [C:\BCA - PROJECT\NUTRIBITE\NUTRIBITE.csproj]
C:\BCA - PROJECT\NUTRIBITE\ViewModels\UserHealthProfileViewModel.cs(8,23): warning CS8618: Non-nullable property 'Name' must contain a non-null value when exiting constructor. Consider adding the 'required' modifier or declaring the property as nullable. [C:\BCA - PROJECT\NUTRIBITE\NUTRIBITE.csproj]
C:\BCA - PROJECT\NUTRIBITE\ViewModels\UserHealthProfileViewModel.cs(12,23): warning CS8618: Non-nullable property 'Email' must contain a non-null value when exiting constructor. Consider adding the 'required' modifier or declaring the property as nullable. [C:\BCA - PROJECT\NUTRIBITE\NUTRIBITE.csproj]
C:\BCA - PROJECT\NUTRIBITE\ViewModels\UserHealthProfileViewModel.cs(14,23): warning CS8618: Non-nullable property 'Phone' must contain a non-null value when exiting constructor. Consider adding the 'required' modifier or declaring the property as nullable. [C:\BCA - PROJECT\NUTRIBITE\NUTRIBITE.csproj]
C:\BCA - PROJECT\NUTRIBITE\ViewModels\UserHealthProfileViewModel.cs(17,23): warning CS8618: Non-nullable property 'Gender' must contain a non-null value when exiting constructor. Consider adding the 'required' modifier or declaring the property as nullable. [C:\BCA - PROJECT\NUTRIBITE\NUTRIBITE.csproj]
C:\BCA - PROJECT\NUTRIBITE\ViewModels\UserHealthProfileViewModel.cs(20,23): warning CS8618: Non-nullable property 'ActivityLevel' must contain a non-null value when exiting constructor. Consider adding the 'required' modifier or declaring the property as nullable. [C:\BCA - PROJECT\NUTRIBITE\NUTRIBITE.csproj]
C:\BCA - PROJECT\NUTRIBITE\ViewModels\UserHealthProfileViewModel.cs(21,23): warning CS8618: Non-nullable property 'Goal' must contain a non-null value when exiting constructor. Consider adding the 'required' modifier or declaring the property as nullable. [C:\BCA - PROJECT\NUTRIBITE\NUTRIBITE.csproj]
C:\BCA - PROJECT\NUTRIBITE\ViewModels\UserHealthProfileViewModel.cs(22,23): warning CS8618: Non-nullable property 'DietaryPreference' must contain a non-null value when exiting constructor. Consider adding the 'required' modifier or declaring the property as nullable. [C:\BCA - PROJECT\NUTRIBITE\NUTRIBITE.csproj]
C:\BCA - PROJECT\NUTRIBITE\ViewModels\UserHealthProfileViewModel.cs(23,23): warning CS8618: Non-nullable property 'ChronicDiseases' must contain a non-null value when exiting constructor. Consider adding the 'required' modifier or declaring the property as nullable. [C:\BCA - PROJECT\NUTRIBITE\NUTRIBITE.csproj]
C:\BCA - PROJECT\NUTRIBITE\ViewModels\UserHealthProfileViewModel.cs(24,23): warning CS8618: Non-nullable property 'FoodAllergies' must contain a non-null value when exiting constructor. Consider adding the 'required' modifier or declaring the property as nullable. [C:\BCA - PROJECT\NUTRIBITE\NUTRIBITE.csproj]
C:\BCA - PROJECT\NUTRIBITE\ViewModels\OrderDetailsViewModel.cs(32,23): warning CS8618: Non-nullable property 'Name' must contain a non-null value when exiting constructor. Consider adding the 'required' modifier or declaring the property as nullable. [C:\BCA - PROJECT\NUTRIBITE\NUTRIBITE.csproj]
C:\BCA - PROJECT\NUTRIBITE\ViewModels\OrderDetailsViewModel.cs(34,23): warning CS8618: Non-nullable property 'Instructions' must contain a non-null value when exiting constructor. Consider adding the 'required' modifier or declaring the property as nullable. [C:\BCA - PROJECT\NUTRIBITE\NUTRIBITE.csproj]
C:\BCA - PROJECT\NUTRIBITE\ViewModels\OrderDetailsViewModel.cs(6,23): warning CS8618: Non-nullable property 'OrderDateTime' must contain a non-null value when exiting constructor. Consider adding the 'required' modifier or declaring the property as nullable. [C:\BCA - PROJECT\NUTRIBITE\NUTRIBITE.csproj]
C:\BCA - PROJECT\NUTRIBITE\ViewModels\OrderDetailsViewModel.cs(7,23): warning CS8618: Non-nullable property 'Status' must contain a non-null value when exiting constructor. Consider adding the 'required' modifier or declaring the property as nullable. [C:\BCA - PROJECT\NUTRIBITE\NUTRIBITE.csproj]
C:\BCA - PROJECT\NUTRIBITE\ViewModels\OrderDetailsViewModel.cs(8,23): warning CS8618: Non-nullable property 'CustomerName' must contain a non-null value when exiting constructor. Consider adding the 'required' modifier or declaring the property as nullable. [C:\BCA - PROJECT\NUTRIBITE\NUTRIBITE.csproj]
C:\BCA - PROJECT\NUTRIBITE\ViewModels\OrderDetailsViewModel.cs(9,23): warning CS8618: Non-nullable property 'CustomerPhone' must contain a non-null value when exiting constructor. Consider adding the 'required' modifier or declaring the property as nullable. [C:\BCA - PROJECT\NUTRIBITE\NUTRIBITE.csproj]
C:\BCA - PROJECT\NUTRIBITE\ViewModels\OrderDetailsViewModel.cs(11,23): warning CS8618: Non-nullable property 'PaymentMode' must contain a non-null value when exiting constructor. Consider adding the 'required' modifier or declaring the property as nullable. [C:\BCA - PROJECT\NUTRIBITE\NUTRIBITE.csproj]
C:\BCA - PROJECT\NUTRIBITE\ViewModels\OrderDetailsViewModel.cs(16,23): warning CS8618: Non-nullable property 'RefundStatus' must contain a non-null value when exiting constructor. Consider adding the 'required' modifier or declaring the property as nullable. [C:\BCA - PROJECT\NUTRIBITE\NUTRIBITE.csproj]
C:\BCA - PROJECT\NUTRIBITE\ViewModels\OrderDetailsViewModel.cs(17,23): warning CS8618: Non-nullable property 'OrderType' must contain a non-null value when exiting constructor. Consider adding the 'required' modifier or declaring the property as nullable. [C:\BCA - PROJECT\NUTRIBITE\NUTRIBITE.csproj]
C:\BCA - PROJECT\NUTRIBITE\ViewModels\OrderDetailsViewModel.cs(18,23): warning CS8618: Non-nullable property 'DeliveryAddress' must contain a non-null value when exiting constructor. Consider adding the 'required' modifier or declaring the property as nullable. [C:\BCA - PROJECT\NUTRIBITE\NUTRIBITE.csproj]
C:\BCA - PROJECT\NUTRIBITE\ViewModels\OrderDetailsViewModel.cs(19,23): warning CS8618: Non-nullable property 'DeliveryStatus' must contain a non-null value when exiting constructor. Consider adding the 'required' modifier or declaring the property as nullable. [C:\BCA - PROJECT\NUTRIBITE\NUTRIBITE.csproj]
C:\BCA - PROJECT\NUTRIBITE\ViewModels\OrderDetailsViewModel.cs(21,23): warning CS8618: Non-nullable property 'DeliveryNotes' must contain a non-null value when exiting constructor. Consider adding the 'required' modifier or declaring the property as nullable. [C:\BCA - PROJECT\NUTRIBITE\NUTRIBITE.csproj]
C:\BCA - PROJECT\NUTRIBITE\ViewModels\OrderDetailsViewModel.cs(22,23): warning CS8618: Non-nullable property 'TransactionId' must contain a non-null value when exiting constructor. Consider adding the 'required' modifier or declaring the property as nullable. [C:\BCA - PROJECT\NUTRIBITE\NUTRIBITE.csproj]
C:\BCA - PROJECT\NUTRIBITE\ViewModels\OrderDetailsViewModel.cs(24,41): warning CS8618: Non-nullable property 'Items' must contain a non-null value when exiting constructor. Consider adding the 'required' modifier or declaring the property as nullable. [C:\BCA - PROJECT\NUTRIBITE\NUTRIBITE.csproj]
C:\BCA - PROJECT\NUTRIBITE\ViewModels\OrderDetailsViewModel.cs(26,23): warning CS8618: Non-nullable property 'PickupStatus' must contain a non-null value when exiting constructor. Consider adding the 'required' modifier or declaring the property as nullable. [C:\BCA - PROJECT\NUTRIBITE\NUTRIBITE.csproj]
C:\BCA - PROJECT\NUTRIBITE\ViewModels\OrderDetailsViewModel.cs(27,23): warning CS8618: Non-nullable property 'PickupSlot' must contain a non-null value when exiting constructor. Consider adding the 'required' modifier or declaring the property as nullable. [C:\BCA - PROJECT\NUTRIBITE\NUTRIBITE.csproj]
C:\BCA - PROJECT\NUTRIBITE\Tests\PaymentDistributionServiceTests.cs(17,12): warning CS8618: Non-nullable field '_mockDb' must contain a non-null value when exiting constructor. Consider adding the 'required' modifier or declaring the field as nullable. [C:\BCA - PROJECT\NUTRIBITE\NUTRIBITE.csproj]
C:\BCA - PROJECT\NUTRIBITE\Tests\CartControllerTests.cs(52,28): warning CS8600: Converting null literal or possible null value to non-nullable type. [C:\BCA - PROJECT\NUTRIBITE\NUTRIBITE.csproj]
C:\BCA - PROJECT\NUTRIBITE\Tests\CartControllerTests.cs(53,26): warning CS8602: Dereference of a possibly null reference. [C:\BCA - PROJECT\NUTRIBITE\NUTRIBITE.csproj]
C:\BCA - PROJECT\NUTRIBITE\Controllers\Api\AdminPayoutsController.cs(97,13): warning CS8602: Dereference of a possibly null reference. [C:\BCA - PROJECT\NUTRIBITE\NUTRIBITE.csproj]
C:\BCA - PROJECT\NUTRIBITE\Tests\CartControllerTests.cs(69,64): warning CS8600: Converting null literal or possible null value to non-nullable type. [C:\BCA - PROJECT\NUTRIBITE\NUTRIBITE.csproj]
C:\BCA - PROJECT\NUTRIBITE\Tests\CartControllerTests.cs(82,28): warning CS8600: Converting null literal or possible null value to non-nullable type. [C:\BCA - PROJECT\NUTRIBITE\NUTRIBITE.csproj]
C:\BCA - PROJECT\NUTRIBITE\Tests\CartControllerTests.cs(83,25): warning CS8602: Dereference of a possibly null reference. [C:\BCA - PROJECT\NUTRIBITE\NUTRIBITE.csproj]
C:\BCA - PROJECT\NUTRIBITE\Tests\CartControllerTests.cs(101,64): warning CS8600: Converting null literal or possible null value to non-nullable type. [C:\BCA - PROJECT\NUTRIBITE\NUTRIBITE.csproj]
C:\BCA - PROJECT\NUTRIBITE\Tests\CartControllerTests.cs(112,28): warning CS8600: Converting null literal or possible null value to non-nullable type. [C:\BCA - PROJECT\NUTRIBITE\NUTRIBITE.csproj]
C:\BCA - PROJECT\NUTRIBITE\Tests\CartControllerTests.cs(113,25): warning CS8602: Dereference of a possibly null reference. [C:\BCA - PROJECT\NUTRIBITE\NUTRIBITE.csproj]
C:\BCA - PROJECT\NUTRIBITE\Tests\CartControllerTests.cs(134,64): warning CS8600: Converting null literal or possible null value to non-nullable type. [C:\BCA - PROJECT\NUTRIBITE\NUTRIBITE.csproj]
C:\BCA - PROJECT\NUTRIBITE\Tests\CartControllerTests.cs(147,29): warning CS8602: Dereference of a possibly null reference. [C:\BCA - PROJECT\NUTRIBITE\NUTRIBITE.csproj]
C:\BCA - PROJECT\NUTRIBITE\Tests\CartControllerTests.cs(157,64): warning CS8600: Converting null literal or possible null value to non-nullable type. [C:\BCA - PROJECT\NUTRIBITE\NUTRIBITE.csproj]
C:\BCA - PROJECT\NUTRIBITE\Tests\CartControllerTests.cs(170,28): warning CS8600: Converting null literal or possible null value to non-nullable type. [C:\BCA - PROJECT\NUTRIBITE\NUTRIBITE.csproj]
C:\BCA - PROJECT\NUTRIBITE\Tests\CartControllerTests.cs(171,26): warning CS8602: Dereference of a possibly null reference. [C:\BCA - PROJECT\NUTRIBITE\NUTRIBITE.csproj]
C:\BCA - PROJECT\NUTRIBITE\Tests\CartControllerTests.cs(189,64): warning CS8600: Converting null literal or possible null value to non-nullable type. [C:\BCA - PROJECT\NUTRIBITE\NUTRIBITE.csproj]
C:\BCA - PROJECT\NUTRIBITE\Tests\CartControllerTests.cs(202,28): warning CS8600: Converting null literal or possible null value to non-nullable type. [C:\BCA - PROJECT\NUTRIBITE\NUTRIBITE.csproj]
C:\BCA - PROJECT\NUTRIBITE\Tests\CartControllerTests.cs(203,25): warning CS8602: Dereference of a possibly null reference. [C:\BCA - PROJECT\NUTRIBITE\NUTRIBITE.csproj]
C:\BCA - PROJECT\NUTRIBITE\Controllers\VendorController.cs(204,31): warning CS8629: Nullable value type may be null. [C:\BCA - PROJECT\NUTRIBITE\NUTRIBITE.csproj]
C:\BCA - PROJECT\NUTRIBITE\Controllers\VendorController.cs(230,36): warning CS8601: Possible null reference assignment. [C:\BCA - PROJECT\NUTRIBITE\NUTRIBITE.csproj]
C:\BCA - PROJECT\NUTRIBITE\Controllers\VendorController.cs(234,30): warning CS8601: Possible null reference assignment. [C:\BCA - PROJECT\NUTRIBITE\NUTRIBITE.csproj]
C:\BCA - PROJECT\NUTRIBITE\Tests\AdminControllerTests.cs(120,28): warning CS8600: Converting null literal or possible null value to non-nullable type. [C:\BCA - PROJECT\NUTRIBITE\NUTRIBITE.csproj]
C:\BCA - PROJECT\NUTRIBITE\Tests\AdminControllerTests.cs(121,25): warning CS8602: Dereference of a possibly null reference. [C:\BCA - PROJECT\NUTRIBITE\NUTRIBITE.csproj]
C:\BCA - PROJECT\NUTRIBITE\Controllers\AuthController.cs(230,55): warning CS8604: Possible null reference argument for parameter 'value' in 'void SessionExtensions.SetString(ISession session, string key, string value)'. [C:\BCA - PROJECT\NUTRIBITE\NUTRIBITE.csproj]
C:\BCA - PROJECT\NUTRIBITE\Controllers\VendorController.cs(347,36): warning CS8601: Possible null reference assignment. [C:\BCA - PROJECT\NUTRIBITE\NUTRIBITE.csproj]
C:\BCA - PROJECT\NUTRIBITE\Controllers\VendorController.cs(352,32): warning CS8602: Dereference of a possibly null reference. [C:\BCA - PROJECT\NUTRIBITE\NUTRIBITE.csproj]
C:\BCA - PROJECT\NUTRIBITE\Controllers\VendorController.cs(355,30): warning CS8601: Possible null reference assignment. [C:\BCA - PROJECT\NUTRIBITE\NUTRIBITE.csproj]
C:\BCA - PROJECT\NUTRIBITE\Controllers\VendorController.cs(398,28): warning CS8629: Nullable value type may be null. [C:\BCA - PROJECT\NUTRIBITE\NUTRIBITE.csproj]
C:\BCA - PROJECT\NUTRIBITE\Views\Admin\OrderManagement.cshtml(33,32): warning CS8602: Dereference of a possibly null reference. [C:\BCA - PROJECT\NUTRIBITE\NUTRIBITE.csproj]
C:\BCA - PROJECT\NUTRIBITE\Controllers\CalorieTrackerController.cs(172,48): warning CS8629: Nullable value type may be null. [C:\BCA - PROJECT\NUTRIBITE\NUTRIBITE.csproj]
C:\BCA - PROJECT\NUTRIBITE\Views\Admin\NewVendorRequest.cshtml(39,45): warning CS8602: Dereference of a possibly null reference. [C:\BCA - PROJECT\NUTRIBITE\NUTRIBITE.csproj]
C:\BCA - PROJECT\NUTRIBITE\Controllers\CartController.cs(301,55): warning CS8601: Possible null reference assignment. [C:\BCA - PROJECT\NUTRIBITE\NUTRIBITE.csproj]
C:\BCA - PROJECT\NUTRIBITE\Controllers\CartController.cs(318,55): warning CS8601: Possible null reference assignment. [C:\BCA - PROJECT\NUTRIBITE\NUTRIBITE.csproj]
C:\BCA - PROJECT\NUTRIBITE\Controllers\AdminController.Orders.cs(74,42): warning CS1998: This async method lacks 'await' operators and will run synchronously. Consider using the 'await' operator to await non-blocking API calls, or 'await Task.Run(...)' to do CPU-bound work on a background thread. [C:\BCA - PROJECT\NUTRIBITE\NUTRIBITE.csproj]
C:\BCA - PROJECT\NUTRIBITE\Controllers\DeliveryController.cs(44,78): warning CS8629: Nullable value type may be null. [C:\BCA - PROJECT\NUTRIBITE\NUTRIBITE.csproj]
C:\BCA - PROJECT\NUTRIBITE\Controllers\HealthSurveyController.cs(63,26): warning CS8601: Possible null reference assignment. [C:\BCA - PROJECT\NUTRIBITE\NUTRIBITE.csproj]
C:\BCA - PROJECT\NUTRIBITE\Controllers\HealthSurveyController.cs(66,33): warning CS8601: Possible null reference assignment. [C:\BCA - PROJECT\NUTRIBITE\NUTRIBITE.csproj]
C:\BCA - PROJECT\NUTRIBITE\Controllers\HealthSurveyController.cs(67,24): warning CS8601: Possible null reference assignment. [C:\BCA - PROJECT\NUTRIBITE\NUTRIBITE.csproj]
C:\BCA - PROJECT\NUTRIBITE\Controllers\HealthSurveyController.cs(68,35): warning CS8601: Possible null reference assignment. [C:\BCA - PROJECT\NUTRIBITE\NUTRIBITE.csproj]
C:\BCA - PROJECT\NUTRIBITE\Controllers\HealthSurveyController.cs(69,33): warning CS8601: Possible null reference assignment. [C:\BCA - PROJECT\NUTRIBITE\NUTRIBITE.csproj]
C:\BCA - PROJECT\NUTRIBITE\Controllers\HealthSurveyController.cs(70,37): warning CS8601: Possible null reference assignment. [C:\BCA - PROJECT\NUTRIBITE\NUTRIBITE.csproj]
C:\BCA - PROJECT\NUTRIBITE\Views\Bulk\FoodBox.cshtml(24,38): warning CS8602: Dereference of a possibly null reference. [C:\BCA - PROJECT\NUTRIBITE\NUTRIBITE.csproj]
C:\BCA - PROJECT\NUTRIBITE\Controllers\FavoritesController.cs(75,30): warning CS0168: The variable 'ex' is declared but never used [C:\BCA - PROJECT\NUTRIBITE\NUTRIBITE.csproj]
C:\BCA - PROJECT\NUTRIBITE\Controllers\MenuController.cs(44,29): warning CS8602: Dereference of a possibly null reference. [C:\BCA - PROJECT\NUTRIBITE\NUTRIBITE.csproj]
C:\BCA - PROJECT\NUTRIBITE\Controllers\MenuController.cs(76,79): warning CS8629: Nullable value type may be null. [C:\BCA - PROJECT\NUTRIBITE\NUTRIBITE.csproj]
C:\BCA - PROJECT\NUTRIBITE\Views\Menu\Category.cshtml(76,166): warning CS8629: Nullable value type may be null. [C:\BCA - PROJECT\NUTRIBITE\NUTRIBITE.csproj]
C:\BCA - PROJECT\NUTRIBITE\Views\Menu\Category.cshtml(76,232): warning CS8629: Nullable value type may be null. [C:\BCA - PROJECT\NUTRIBITE\NUTRIBITE.csproj]
C:\BCA - PROJECT\NUTRIBITE\Models\VendorOrderViewModel.cs(7,23): warning CS8618: Non-nullable property 'CustomerName' must contain a non-null value when exiting constructor. Consider adding the 'required' modifier or declaring the property as nullable. [C:\BCA - PROJECT\NUTRIBITE\NUTRIBITE.csproj]
C:\BCA - PROJECT\NUTRIBITE\Models\VendorOrderViewModel.cs(13,23): warning CS8618: Non-nullable property 'FoodItem' must contain a non-null value when exiting constructor. Consider adding the 'required' modifier or declaring the property as nullable. [C:\BCA - PROJECT\NUTRIBITE\NUTRIBITE.csproj]
C:\BCA - PROJECT\NUTRIBITE\Models\VendorOrderViewModel.cs(23,23): warning CS8618: Non-nullable property 'Status' must contain a non-null value when exiting constructor. Consider adding the 'required' modifier or declaring the property as nullable. [C:\BCA - PROJECT\NUTRIBITE\NUTRIBITE.csproj]
C:\BCA - PROJECT\NUTRIBITE\Models\Vendor.cs(8,23): warning CS8618: Non-nullable property 'VendorName' must contain a non-null value when exiting constructor. Consider adding the 'required' modifier or declaring the property as nullable. [C:\BCA - PROJECT\NUTRIBITE\NUTRIBITE.csproj]
C:\BCA - PROJECT\NUTRIBITE\Models\Vendor.cs(9,23): warning CS8618: Non-nullable property 'Email' must contain a non-null value when exiting constructor. Consider adding the 'required' modifier or declaring the property as nullable. [C:\BCA - PROJECT\NUTRIBITE\NUTRIBITE.csproj]
C:\BCA - PROJECT\NUTRIBITE\Services\OrderService.cs(103,51): warning CS8603: Possible null reference return. [C:\BCA - PROJECT\NUTRIBITE\NUTRIBITE.csproj]
C:\BCA - PROJECT\NUTRIBITE\Services\OrderService.cs(164,24): warning CS8603: Possible null reference return. [C:\BCA - PROJECT\NUTRIBITE\NUTRIBITE.csproj]
C:\BCA - PROJECT\NUTRIBITE\Controllers\HomeController.cs(347,31): warning CS8629: Nullable value type may be null. [C:\BCA - PROJECT\NUTRIBITE\NUTRIBITE.csproj]
C:\BCA - PROJECT\NUTRIBITE\Controllers\HomeController.cs(356,32): warning CS8629: Nullable value type may be null. [C:\BCA - PROJECT\NUTRIBITE\NUTRIBITE.csproj]
C:\BCA - PROJECT\NUTRIBITE\Services\OrderService.cs(177,41): warning CS8600: Converting null literal or possible null value to non-nullable type. [C:\BCA - PROJECT\NUTRIBITE\NUTRIBITE.csproj]
C:\BCA - PROJECT\NUTRIBITE\Models\AudienceMenu.cs(10,23): warning CS8618: Non-nullable property 'MenuName' must contain a non-null value when exiting constructor. Consider adding the 'required' modifier or declaring the property as nullable. [C:\BCA - PROJECT\NUTRIBITE\NUTRIBITE.csproj]
C:\BCA - PROJECT\NUTRIBITE\Models\AudienceMenu.cs(12,23): warning CS8618: Non-nullable property 'AudienceType' must contain a non-null value when exiting constructor. Consider adding the 'required' modifier or declaring the property as nullable. [C:\BCA - PROJECT\NUTRIBITE\NUTRIBITE.csproj]
C:\BCA - PROJECT\NUTRIBITE\Models\AudienceMenu.cs(20,23): warning CS8618: Non-nullable property 'ImagePath' must contain a non-null value when exiting constructor. Consider adding the 'required' modifier or declaring the property as nullable. [C:\BCA - PROJECT\NUTRIBITE\NUTRIBITE.csproj]
C:\BCA - PROJECT\NUTRIBITE\Models\BulkItem.cs(14,23): warning CS8618: Non-nullable property 'Name' must contain a non-null value when exiting constructor. Consider adding the 'required' modifier or declaring the property as nullable. [C:\BCA - PROJECT\NUTRIBITE\NUTRIBITE.csproj]
C:\BCA - PROJECT\NUTRIBITE\Services\EmailService.cs(70,44): warning CS8604: Possible null reference argument for parameter 'address' in 'MailAddress.MailAddress(string address, string? displayName)'. [C:\BCA - PROJECT\NUTRIBITE\NUTRIBITE.csproj]
C:\BCA - PROJECT\NUTRIBITE\Models\CartItem.cs(6,23): warning CS8618: Non-nullable property 'Name' must contain a non-null value when exiting constructor. Consider adding the 'required' modifier or declaring the property as nullable. [C:\BCA - PROJECT\NUTRIBITE\NUTRIBITE.csproj]
C:\BCA - PROJECT\NUTRIBITE\Models\CartItem.cs(9,23): warning CS8618: Non-nullable property 'ImageUrl' must contain a non-null value when exiting constructor. Consider adding the 'required' modifier or declaring the property as nullable. [C:\BCA - PROJECT\NUTRIBITE\NUTRIBITE.csproj]
C:\BCA - PROJECT\NUTRIBITE\Models\CartItem.cs(11,23): warning CS8618: Non-nullable property 'SpecialInstructions' must contain a non-null value when exiting constructor. Consider adding the 'required' modifier or declaring the property as nullable. [C:\BCA - PROJECT\NUTRIBITE\NUTRIBITE.csproj]
C:\BCA - PROJECT\NUTRIBITE\Controllers\PaymentController.cs(121,32): warning CS8600: Converting null literal or possible null value to non-nullable type. [C:\BCA - PROJECT\NUTRIBITE\NUTRIBITE.csproj]
C:\BCA - PROJECT\NUTRIBITE\Controllers\PaymentController.cs(122,30): warning CS8600: Converting null literal or possible null value to non-nullable type. [C:\BCA - PROJECT\NUTRIBITE\NUTRIBITE.csproj]
C:\BCA - PROJECT\NUTRIBITE\Controllers\PaymentController.cs(123,32): warning CS8600: Converting null literal or possible null value to non-nullable type. [C:\BCA - PROJECT\NUTRIBITE\NUTRIBITE.csproj]
C:\BCA - PROJECT\NUTRIBITE\Controllers\PaymentController.cs(124,38): warning CS8600: Converting null literal or possible null value to non-nullable type. [C:\BCA - PROJECT\NUTRIBITE\NUTRIBITE.csproj]
C:\BCA - PROJECT\NUTRIBITE\Controllers\PaymentController.cs(129,29): warning CS8600: Converting null literal or possible null value to non-nullable type. [C:\BCA - PROJECT\NUTRIBITE\NUTRIBITE.csproj]
C:\BCA - PROJECT\NUTRIBITE\Controllers\PaymentController.cs(130,27): warning CS8600: Converting null literal or possible null value to non-nullable type. [C:\BCA - PROJECT\NUTRIBITE\NUTRIBITE.csproj]
C:\BCA - PROJECT\NUTRIBITE\Controllers\PaymentController.cs(131,29): warning CS8600: Converting null literal or possible null value to non-nullable type. [C:\BCA - PROJECT\NUTRIBITE\NUTRIBITE.csproj]
C:\BCA - PROJECT\NUTRIBITE\Controllers\PaymentController.cs(132,35): warning CS8600: Converting null literal or possible null value to non-nullable type. [C:\BCA - PROJECT\NUTRIBITE\NUTRIBITE.csproj]
C:\BCA - PROJECT\NUTRIBITE\Controllers\PaymentController.cs(151,108): warning CS8600: Converting null literal or possible null value to non-nullable type. [C:\BCA - PROJECT\NUTRIBITE\NUTRIBITE.csproj]
C:\BCA - PROJECT\NUTRIBITE\Controllers\PaymentController.cs(152,104): warning CS8600: Converting null literal or possible null value to non-nullable type. [C:\BCA - PROJECT\NUTRIBITE\NUTRIBITE.csproj]
C:\BCA - PROJECT\NUTRIBITE\Controllers\PaymentController.cs(153,107): warning CS8600: Converting null literal or possible null value to non-nullable type. [C:\BCA - PROJECT\NUTRIBITE\NUTRIBITE.csproj]
C:\BCA - PROJECT\NUTRIBITE\Controllers\PaymentController.cs(160,51): warning CS8600: Converting null literal or possible null value to non-nullable type. [C:\BCA - PROJECT\NUTRIBITE\NUTRIBITE.csproj]
C:\BCA - PROJECT\NUTRIBITE\Services\CategorisationService.cs(35,38): warning CS8600: Converting null literal or possible null value to non-nullable type. [C:\BCA - PROJECT\NUTRIBITE\NUTRIBITE.csproj]
C:\BCA - PROJECT\NUTRIBITE\Views\Users\Edit.cshtml(15,44): warning CS8602: Dereference of a possibly null reference. [C:\BCA - PROJECT\NUTRIBITE\NUTRIBITE.csproj]
C:\BCA - PROJECT\NUTRIBITE\Views\Home\Index.cshtml(102,43): warning CS8604: Possible null reference argument for parameter 'source' in 'bool Enumerable.Any<Food>(IEnumerable<Food> source)'. [C:\BCA - PROJECT\NUTRIBITE\NUTRIBITE.csproj]
C:\BCA - PROJECT\NUTRIBITE\Views\Home\Index.cshtml(118,40): warning CS8602: Dereference of a possibly null reference. [C:\BCA - PROJECT\NUTRIBITE\NUTRIBITE.csproj]
C:\BCA - PROJECT\NUTRIBITE\Views\Home\Index.cshtml(173,49): warning CS8604: Possible null reference argument for parameter 'source' in 'bool Enumerable.Any<AddCategory>(IEnumerable<AddCategory> source)'. [C:\BCA - PROJECT\NUTRIBITE\NUTRIBITE.csproj]
C:\BCA - PROJECT\NUTRIBITE\Views\Home\Index.cshtml(175,38): warning CS8602: Dereference of a possibly null reference. [C:\BCA - PROJECT\NUTRIBITE\NUTRIBITE.csproj]
C:\BCA - PROJECT\NUTRIBITE\Models\DailyCalorieEntry.cs(10,23): warning CS8618: Non-nullable property 'FoodName' must contain a non-null value when exiting constructor. Consider adding the 'required' modifier or declaring the property as nullable. [C:\BCA - PROJECT\NUTRIBITE\NUTRIBITE.csproj]
C:\BCA - PROJECT\NUTRIBITE\Services\GoogleAuthService.cs(60,28): warning CS8619: Nullability of reference types in value of type '(bool, string Email, string Name, string, string?)' doesn't match target type '(bool Success, string Email, string Name, string Picture, string Error)'. [C:\BCA - PROJECT\NUTRIBITE\NUTRIBITE.csproj]
C:\BCA - PROJECT\NUTRIBITE\Services\GoogleAuthService.cs(63,24): warning CS8619: Nullability of reference types in value of type '(bool, string, string, string, string?)' doesn't match target type '(bool Success, string Email, string Name, string Picture, string Error)'. [C:\BCA - PROJECT\NUTRIBITE\NUTRIBITE.csproj]
C:\BCA - PROJECT\NUTRIBITE\Services\GoogleAuthService.cs(71,36): warning CS8604: Possible null reference argument for parameter 'value' in 'void Dictionary<string, string>.Add(string key, string value)'. [C:\BCA - PROJECT\NUTRIBITE\NUTRIBITE.csproj]
C:\BCA - PROJECT\NUTRIBITE\Services\GoogleAuthService.cs(72,35): warning CS8604: Possible null reference argument for parameter 'value' in 'void Dictionary<string, string>.Add(string key, string value)'. [C:\BCA - PROJECT\NUTRIBITE\NUTRIBITE.csproj]
C:\BCA - PROJECT\NUTRIBITE\Services\GoogleAuthService.cs(80,24): warning CS8619: Nullability of reference types in value of type '(bool, string?, string?, string?, string)' doesn't match target type '(bool Success, string Email, string Name, string Picture, string Error)'. [C:\BCA - PROJECT\NUTRIBITE\NUTRIBITE.csproj]
C:\BCA - PROJECT\NUTRIBITE\Services\GoogleAuthService.cs(92,24): warning CS8619: Nullability of reference types in value of type '(bool, string?, string?, string?, string)' doesn't match target type '(bool Success, string Email, string Name, string Picture, string Error)'. [C:\BCA - PROJECT\NUTRIBITE\NUTRIBITE.csproj]
C:\BCA - PROJECT\NUTRIBITE\Services\GoogleAuthService.cs(98,99): warning CS8602: Dereference of a possibly null reference. [C:\BCA - PROJECT\NUTRIBITE\NUTRIBITE.csproj]
C:\BCA - PROJECT\NUTRIBITE\Services\GoogleAuthService.cs(101,20): warning CS8619: Nullability of reference types in value of type '(bool, string? email, string? name, string? picture, string?)' doesn't match target type '(bool Success, string Email, string Name, string Picture, string Error)'. [C:\BCA - PROJECT\NUTRIBITE\NUTRIBITE.csproj]
C:\BCA - PROJECT\NUTRIBITE\Views\Shared\_PublicLayout.cshtml(313,10): error CS0103: The name 'keyframes' does not exist in the current context [C:\BCA - PROJECT\NUTRIBITE\NUTRIBITE.csproj]
C:\BCA - PROJECT\NUTRIBITE\Views\Shared\_PublicLayout.cshtml(384,10): error CS0103: The name 'media' does not exist in the current context [C:\BCA - PROJECT\NUTRIBITE\NUTRIBITE.csproj]
C:\BCA - PROJECT\NUTRIBITE\Views\Shared\_PublicLayout.cshtml(389,10): error CS0103: The name 'media' does not exist in the current context [C:\BCA - PROJECT\NUTRIBITE\NUTRIBITE.csproj]
C:\BCA - PROJECT\NUTRIBITE\Views\Shared\_PublicLayout.cshtml(398,10): error CS0103: The name 'media' does not exist in the current context [C:\BCA - PROJECT\NUTRIBITE\NUTRIBITE.csproj]
C:\BCA - PROJECT\NUTRIBITE\Controllers\ReportsController.cs(88,50): warning CS8600: Converting null literal or possible null value to non-nullable type. [C:\BCA - PROJECT\NUTRIBITE\NUTRIBITE.csproj]
C:\BCA - PROJECT\NUTRIBITE\Controllers\ReportsController.cs(152,35): warning CS8629: Nullable value type may be null. [C:\BCA - PROJECT\NUTRIBITE\NUTRIBITE.csproj]
C:\BCA - PROJECT\NUTRIBITE\Controllers\ReportsController.cs(163,35): warning CS8629: Nullable value type may be null. [C:\BCA - PROJECT\NUTRIBITE\NUTRIBITE.csproj]
C:\BCA - PROJECT\NUTRIBITE\Controllers\ReportsController.cs(295,35): warning CS8629: Nullable value type may be null. [C:\BCA - PROJECT\NUTRIBITE\NUTRIBITE.csproj]
C:\BCA - PROJECT\NUTRIBITE\Controllers\ReportsController.cs(362,41): warning CS8629: Nullable value type may be null. [C:\BCA - PROJECT\NUTRIBITE\NUTRIBITE.csproj]
C:\BCA - PROJECT\NUTRIBITE\Controllers\ReportsController.cs(408,35): warning CS8629: Nullable value type may be null. [C:\BCA - PROJECT\NUTRIBITE\NUTRIBITE.csproj]
C:\BCA - PROJECT\NUTRIBITE\Controllers\ReportsController.cs(496,53): warning CS8604: Possible null reference argument for parameter 'item' in 'bool List<string>.Contains(string item)'. [C:\BCA - PROJECT\NUTRIBITE\NUTRIBITE.csproj]
C:\BCA - PROJECT\NUTRIBITE\Controllers\ReportsController.cs(743,21): warning CS8602: Dereference of a possibly null reference. [C:\BCA - PROJECT\NUTRIBITE\NUTRIBITE.csproj]
C:\BCA - PROJECT\NUTRIBITE\Controllers\ReportsController.cs(744,21): warning CS8602: Dereference of a possibly null reference. [C:\BCA - PROJECT\NUTRIBITE\NUTRIBITE.csproj]
C:\BCA - PROJECT\NUTRIBITE\Controllers\ReportsController.cs(745,21): warning CS8602: Dereference of a possibly null reference. [C:\BCA - PROJECT\NUTRIBITE\NUTRIBITE.csproj]
C:\BCA - PROJECT\NUTRIBITE\Tests\PaymentDistributionServiceTests.cs(14,49): warning CS0169: The field 'PaymentDistributionServiceTests._mockDb' is never used [C:\BCA - PROJECT\NUTRIBITE\NUTRIBITE.csproj]

Build FAILED.

C:\Users\Nitesh_\.nuget\packages\microsoft.net.test.sdk\18.3.0\build\net8.0\Microsoft.NET.Test.Sdk.Program.cs(4,41): warning CS7022: The entry point of the program is global code; ignoring 'AutoGeneratedProgram.Main(string[])' entry point. [C:\BCA - PROJECT\NUTRIBITE\NUTRIBITE.csproj]
C:\BCA - PROJECT\NUTRIBITE\ViewModels\UserHealthProfileViewModel.cs(8,23): warning CS8618: Non-nullable property 'Name' must contain a non-null value when exiting constructor. Consider adding the 'required' modifier or declaring the property as nullable. [C:\BCA - PROJECT\NUTRIBITE\NUTRIBITE.csproj]
C:\BCA - PROJECT\NUTRIBITE\ViewModels\UserHealthProfileViewModel.cs(12,23): warning CS8618: Non-nullable property 'Email' must contain a non-null value when exiting constructor. Consider adding the 'required' modifier or declaring the property as nullable. [C:\BCA - PROJECT\NUTRIBITE\NUTRIBITE.csproj]
C:\BCA - PROJECT\NUTRIBITE\ViewModels\UserHealthProfileViewModel.cs(14,23): warning CS8618: Non-nullable property 'Phone' must contain a non-null value when exiting constructor. Consider adding the 'required' modifier or declaring the property as nullable. [C:\BCA - PROJECT\NUTRIBITE\NUTRIBITE.csproj]
C:\BCA - PROJECT\NUTRIBITE\ViewModels\UserHealthProfileViewModel.cs(17,23): warning CS8618: Non-nullable property 'Gender' must contain a non-null value when exiting constructor. Consider adding the 'required' modifier or declaring the property as nullable. [C:\BCA - PROJECT\NUTRIBITE\NUTRIBITE.csproj]
C:\BCA - PROJECT\NUTRIBITE\ViewModels\UserHealthProfileViewModel.cs(20,23): warning CS8618: Non-nullable property 'ActivityLevel' must contain a non-null value when exiting constructor. Consider adding the 'required' modifier or declaring the property as nullable. [C:\BCA - PROJECT\NUTRIBITE\NUTRIBITE.csproj]
C:\BCA - PROJECT\NUTRIBITE\ViewModels\UserHealthProfileViewModel.cs(21,23): warning CS8618: Non-nullable property 'Goal' must contain a non-null value when exiting constructor. Consider adding the 'required' modifier or declaring the property as nullable. [C:\BCA - PROJECT\NUTRIBITE\NUTRIBITE.csproj]
C:\BCA - PROJECT\NUTRIBITE\ViewModels\UserHealthProfileViewModel.cs(22,23): warning CS8618: Non-nullable property 'DietaryPreference' must contain a non-null value when exiting constructor. Consider adding the 'required' modifier or declaring the property as nullable. [C:\BCA - PROJECT\NUTRIBITE\NUTRIBITE.csproj]
C:\BCA - PROJECT\NUTRIBITE\ViewModels\UserHealthProfileViewModel.cs(23,23): warning CS8618: Non-nullable property 'ChronicDiseases' must contain a non-null value when exiting constructor. Consider adding the 'required' modifier or declaring the property as nullable. [C:\BCA - PROJECT\NUTRIBITE\NUTRIBITE.csproj]
C:\BCA - PROJECT\NUTRIBITE\ViewModels\UserHealthProfileViewModel.cs(24,23): warning CS8618: Non-nullable property 'FoodAllergies' must contain a non-null value when exiting constructor. Consider adding the 'required' modifier or declaring the property as nullable. [C:\BCA - PROJECT\NUTRIBITE\NUTRIBITE.csproj]
C:\BCA - PROJECT\NUTRIBITE\ViewModels\OrderDetailsViewModel.cs(32,23): warning CS8618: Non-nullable property 'Name' must contain a non-null value when exiting constructor. Consider adding the 'required' modifier or declaring the property as nullable. [C:\BCA - PROJECT\NUTRIBITE\NUTRIBITE.csproj]
C:\BCA - PROJECT\NUTRIBITE\ViewModels\OrderDetailsViewModel.cs(34,23): warning CS8618: Non-nullable property 'Instructions' must contain a non-null value when exiting constructor. Consider adding the 'required' modifier or declaring the property as nullable. [C:\BCA - PROJECT\NUTRIBITE\NUTRIBITE.csproj]
C:\BCA - PROJECT\NUTRIBITE\ViewModels\OrderDetailsViewModel.cs(6,23): warning CS8618: Non-nullable property 'OrderDateTime' must contain a non-null value when exiting constructor. Consider adding the 'required' modifier or declaring the property as nullable. [C:\BCA - PROJECT\NUTRIBITE\NUTRIBITE.csproj]
C:\BCA - PROJECT\NUTRIBITE\ViewModels\OrderDetailsViewModel.cs(7,23): warning CS8618: Non-nullable property 'Status' must contain a non-null value when exiting constructor. Consider adding the 'required' modifier or declaring the property as nullable. [C:\BCA - PROJECT\NUTRIBITE\NUTRIBITE.csproj]
C:\BCA - PROJECT\NUTRIBITE\ViewModels\OrderDetailsViewModel.cs(8,23): warning CS8618: Non-nullable property 'CustomerName' must contain a non-null value when exiting constructor. Consider adding the 'required' modifier or declaring the property as nullable. [C:\BCA - PROJECT\NUTRIBITE\NUTRIBITE.csproj]
C:\BCA - PROJECT\NUTRIBITE\ViewModels\OrderDetailsViewModel.cs(9,23): warning CS8618: Non-nullable property 'CustomerPhone' must contain a non-null value when exiting constructor. Consider adding the 'required' modifier or declaring the property as nullable. [C:\BCA - PROJECT\NUTRIBITE\NUTRIBITE.csproj]
C:\BCA - PROJECT\NUTRIBITE\ViewModels\OrderDetailsViewModel.cs(11,23): warning CS8618: Non-nullable property 'PaymentMode' must contain a non-null value when exiting constructor. Consider adding the 'required' modifier or declaring the property as nullable. [C:\BCA - PROJECT\NUTRIBITE\NUTRIBITE.csproj]
C:\BCA - PROJECT\NUTRIBITE\ViewModels\OrderDetailsViewModel.cs(16,23): warning CS8618: Non-nullable property 'RefundStatus' must contain a non-null value when exiting constructor. Consider adding the 'required' modifier or declaring the property as nullable. [C:\BCA - PROJECT\NUTRIBITE\NUTRIBITE.csproj]
C:\BCA - PROJECT\NUTRIBITE\ViewModels\OrderDetailsViewModel.cs(17,23): warning CS8618: Non-nullable property 'OrderType' must contain a non-null value when exiting constructor. Consider adding the 'required' modifier or declaring the property as nullable. [C:\BCA - PROJECT\NUTRIBITE\NUTRIBITE.csproj]
C:\BCA - PROJECT\NUTRIBITE\ViewModels\OrderDetailsViewModel.cs(18,23): warning CS8618: Non-nullable property 'DeliveryAddress' must contain a non-null value when exiting constructor. Consider adding the 'required' modifier or declaring the property as nullable. [C:\BCA - PROJECT\NUTRIBITE\NUTRIBITE.csproj]
C:\BCA - PROJECT\NUTRIBITE\ViewModels\OrderDetailsViewModel.cs(19,23): warning CS8618: Non-nullable property 'DeliveryStatus' must contain a non-null value when exiting constructor. Consider adding the 'required' modifier or declaring the property as nullable. [C:\BCA - PROJECT\NUTRIBITE\NUTRIBITE.csproj]
C:\BCA - PROJECT\NUTRIBITE\ViewModels\OrderDetailsViewModel.cs(21,23): warning CS8618: Non-nullable property 'DeliveryNotes' must contain a non-null value when exiting constructor. Consider adding the 'required' modifier or declaring the property as nullable. [C:\BCA - PROJECT\NUTRIBITE\NUTRIBITE.csproj]
C:\BCA - PROJECT\NUTRIBITE\ViewModels\OrderDetailsViewModel.cs(22,23): warning CS8618: Non-nullable property 'TransactionId' must contain a non-null value when exiting constructor. Consider adding the 'required' modifier or declaring the property as nullable. [C:\BCA - PROJECT\NUTRIBITE\NUTRIBITE.csproj]
C:\BCA - PROJECT\NUTRIBITE\ViewModels\OrderDetailsViewModel.cs(24,41): warning CS8618: Non-nullable property 'Items' must contain a non-null value when exiting constructor. Consider adding the 'required' modifier or declaring the property as nullable. [C:\BCA - PROJECT\NUTRIBITE\NUTRIBITE.csproj]
C:\BCA - PROJECT\NUTRIBITE\ViewModels\OrderDetailsViewModel.cs(26,23): warning CS8618: Non-nullable property 'PickupStatus' must contain a non-null value when exiting constructor. Consider adding the 'required' modifier or declaring the property as nullable. [C:\BCA - PROJECT\NUTRIBITE\NUTRIBITE.csproj]
C:\BCA - PROJECT\NUTRIBITE\ViewModels\OrderDetailsViewModel.cs(27,23): warning CS8618: Non-nullable property 'PickupSlot' must contain a non-null value when exiting constructor. Consider adding the 'required' modifier or declaring the property as nullable. [C:\BCA - PROJECT\NUTRIBITE\NUTRIBITE.csproj]
C:\BCA - PROJECT\NUTRIBITE\Tests\PaymentDistributionServiceTests.cs(17,12): warning CS8618: Non-nullable field '_mockDb' must contain a non-null value when exiting constructor. Consider adding the 'required' modifier or declaring the field as nullable. [C:\BCA - PROJECT\NUTRIBITE\NUTRIBITE.csproj]
C:\BCA - PROJECT\NUTRIBITE\Tests\CartControllerTests.cs(52,28): warning CS8600: Converting null literal or possible null value to non-nullable type. [C:\BCA - PROJECT\NUTRIBITE\NUTRIBITE.csproj]
C:\BCA - PROJECT\NUTRIBITE\Tests\CartControllerTests.cs(53,26): warning CS8602: Dereference of a possibly null reference. [C:\BCA - PROJECT\NUTRIBITE\NUTRIBITE.csproj]
C:\BCA - PROJECT\NUTRIBITE\Controllers\Api\AdminPayoutsController.cs(97,13): warning CS8602: Dereference of a possibly null reference. [C:\BCA - PROJECT\NUTRIBITE\NUTRIBITE.csproj]
C:\BCA - PROJECT\NUTRIBITE\Tests\CartControllerTests.cs(69,64): warning CS8600: Converting null literal or possible null value to non-nullable type. [C:\BCA - PROJECT\NUTRIBITE\NUTRIBITE.csproj]
C:\BCA - PROJECT\NUTRIBITE\Tests\CartControllerTests.cs(82,28): warning CS8600: Converting null literal or possible null value to non-nullable type. [C:\BCA - PROJECT\NUTRIBITE\NUTRIBITE.csproj]
C:\BCA - PROJECT\NUTRIBITE\Tests\CartControllerTests.cs(83,25): warning CS8602: Dereference of a possibly null reference. [C:\BCA - PROJECT\NUTRIBITE\NUTRIBITE.csproj]
C:\BCA - PROJECT\NUTRIBITE\Tests\CartControllerTests.cs(101,64): warning CS8600: Converting null literal or possible null value to non-nullable type. [C:\BCA - PROJECT\NUTRIBITE\NUTRIBITE.csproj]
C:\BCA - PROJECT\NUTRIBITE\Tests\CartControllerTests.cs(112,28): warning CS8600: Converting null literal or possible null value to non-nullable type. [C:\BCA - PROJECT\NUTRIBITE\NUTRIBITE.csproj]
C:\BCA - PROJECT\NUTRIBITE\Tests\CartControllerTests.cs(113,25): warning CS8602: Dereference of a possibly null reference. [C:\BCA - PROJECT\NUTRIBITE\NUTRIBITE.csproj]
C:\BCA - PROJECT\NUTRIBITE\Tests\CartControllerTests.cs(134,64): warning CS8600: Converting null literal or possible null value to non-nullable type. [C:\BCA - PROJECT\NUTRIBITE\NUTRIBITE.csproj]
C:\BCA - PROJECT\NUTRIBITE\Tests\CartControllerTests.cs(147,29): warning CS8602: Dereference of a possibly null reference. [C:\BCA - PROJECT\NUTRIBITE\NUTRIBITE.csproj]
C:\BCA - PROJECT\NUTRIBITE\Tests\CartControllerTests.cs(157,64): warning CS8600: Converting null literal or possible null value to non-nullable type. [C:\BCA - PROJECT\NUTRIBITE\NUTRIBITE.csproj]
C:\BCA - PROJECT\NUTRIBITE\Tests\CartControllerTests.cs(170,28): warning CS8600: Converting null literal or possible null value to non-nullable type. [C:\BCA - PROJECT\NUTRIBITE\NUTRIBITE.csproj]
C:\BCA - PROJECT\NUTRIBITE\Tests\CartControllerTests.cs(171,26): warning CS8602: Dereference of a possibly null reference. [C:\BCA - PROJECT\NUTRIBITE\NUTRIBITE.csproj]
C:\BCA - PROJECT\NUTRIBITE\Tests\CartControllerTests.cs(189,64): warning CS8600: Converting null literal or possible null value to non-nullable type. [C:\BCA - PROJECT\NUTRIBITE\NUTRIBITE.csproj]
C:\BCA - PROJECT\NUTRIBITE\Tests\CartControllerTests.cs(202,28): warning CS8600: Converting null literal or possible null value to non-nullable type. [C:\BCA - PROJECT\NUTRIBITE\NUTRIBITE.csproj]
C:\BCA - PROJECT\NUTRIBITE\Tests\CartControllerTests.cs(203,25): warning CS8602: Dereference of a possibly null reference. [C:\BCA - PROJECT\NUTRIBITE\NUTRIBITE.csproj]
C:\BCA - PROJECT\NUTRIBITE\Controllers\VendorController.cs(204,31): warning CS8629: Nullable value type may be null. [C:\BCA - PROJECT\NUTRIBITE\NUTRIBITE.csproj]
C:\BCA - PROJECT\NUTRIBITE\Controllers\VendorController.cs(230,36): warning CS8601: Possible null reference assignment. [C:\BCA - PROJECT\NUTRIBITE\NUTRIBITE.csproj]
C:\BCA - PROJECT\NUTRIBITE\Controllers\VendorController.cs(234,30): warning CS8601: Possible null reference assignment. [C:\BCA - PROJECT\NUTRIBITE\NUTRIBITE.csproj]
C:\BCA - PROJECT\NUTRIBITE\Tests\AdminControllerTests.cs(120,28): warning CS8600: Converting null literal or possible null value to non-nullable type. [C:\BCA - PROJECT\NUTRIBITE\NUTRIBITE.csproj]
C:\BCA - PROJECT\NUTRIBITE\Tests\AdminControllerTests.cs(121,25): warning CS8602: Dereference of a possibly null reference. [C:\BCA - PROJECT\NUTRIBITE\NUTRIBITE.csproj]
C:\BCA - PROJECT\NUTRIBITE\Controllers\AuthController.cs(230,55): warning CS8604: Possible null reference argument for parameter 'value' in 'void SessionExtensions.SetString(ISession session, string key, string value)'. [C:\BCA - PROJECT\NUTRIBITE\NUTRIBITE.csproj]
C:\BCA - PROJECT\NUTRIBITE\Controllers\VendorController.cs(347,36): warning CS8601: Possible null reference assignment. [C:\BCA - PROJECT\NUTRIBITE\NUTRIBITE.csproj]
C:\BCA - PROJECT\NUTRIBITE\Controllers\VendorController.cs(352,32): warning CS8602: Dereference of a possibly null reference. [C:\BCA - PROJECT\NUTRIBITE\NUTRIBITE.csproj]
C:\BCA - PROJECT\NUTRIBITE\Controllers\VendorController.cs(355,30): warning CS8601: Possible null reference assignment. [C:\BCA - PROJECT\NUTRIBITE\NUTRIBITE.csproj]
C:\BCA - PROJECT\NUTRIBITE\Controllers\VendorController.cs(398,28): warning CS8629: Nullable value type may be null. [C:\BCA - PROJECT\NUTRIBITE\NUTRIBITE.csproj]
C:\BCA - PROJECT\NUTRIBITE\Views\Admin\OrderManagement.cshtml(33,32): warning CS8602: Dereference of a possibly null reference. [C:\BCA - PROJECT\NUTRIBITE\NUTRIBITE.csproj]
C:\BCA - PROJECT\NUTRIBITE\Controllers\CalorieTrackerController.cs(172,48): warning CS8629: Nullable value type may be null. [C:\BCA - PROJECT\NUTRIBITE\NUTRIBITE.csproj]
C:\BCA - PROJECT\NUTRIBITE\Views\Admin\NewVendorRequest.cshtml(39,45): warning CS8602: Dereference of a possibly null reference. [C:\BCA - PROJECT\NUTRIBITE\NUTRIBITE.csproj]
C:\BCA - PROJECT\NUTRIBITE\Controllers\CartController.cs(301,55): warning CS8601: Possible null reference assignment. [C:\BCA - PROJECT\NUTRIBITE\NUTRIBITE.csproj]
C:\BCA - PROJECT\NUTRIBITE\Controllers\CartController.cs(318,55): warning CS8601: Possible null reference assignment. [C:\BCA - PROJECT\NUTRIBITE\NUTRIBITE.csproj]
C:\BCA - PROJECT\NUTRIBITE\Controllers\AdminController.Orders.cs(74,42): warning CS1998: This async method lacks 'await' operators and will run synchronously. Consider using the 'await' operator to await non-blocking API calls, or 'await Task.Run(...)' to do CPU-bound work on a background thread. [C:\BCA - PROJECT\NUTRIBITE\NUTRIBITE.csproj]
C:\BCA - PROJECT\NUTRIBITE\Controllers\DeliveryController.cs(44,78): warning CS8629: Nullable value type may be null. [C:\BCA - PROJECT\NUTRIBITE\NUTRIBITE.csproj]
C:\BCA - PROJECT\NUTRIBITE\Controllers\HealthSurveyController.cs(63,26): warning CS8601: Possible null reference assignment. [C:\BCA - PROJECT\NUTRIBITE\NUTRIBITE.csproj]
C:\BCA - PROJECT\NUTRIBITE\Controllers\HealthSurveyController.cs(66,33): warning CS8601: Possible null reference assignment. [C:\BCA - PROJECT\NUTRIBITE\NUTRIBITE.csproj]
C:\BCA - PROJECT\NUTRIBITE\Controllers\HealthSurveyController.cs(67,24): warning CS8601: Possible null reference assignment. [C:\BCA - PROJECT\NUTRIBITE\NUTRIBITE.csproj]
C:\BCA - PROJECT\NUTRIBITE\Controllers\HealthSurveyController.cs(68,35): warning CS8601: Possible null reference assignment. [C:\BCA - PROJECT\NUTRIBITE\NUTRIBITE.csproj]
C:\BCA - PROJECT\NUTRIBITE\Controllers\HealthSurveyController.cs(69,33): warning CS8601: Possible null reference assignment. [C:\BCA - PROJECT\NUTRIBITE\NUTRIBITE.csproj]
C:\BCA - PROJECT\NUTRIBITE\Controllers\HealthSurveyController.cs(70,37): warning CS8601: Possible null reference assignment. [C:\BCA - PROJECT\NUTRIBITE\NUTRIBITE.csproj]
C:\BCA - PROJECT\NUTRIBITE\Views\Bulk\FoodBox.cshtml(24,38): warning CS8602: Dereference of a possibly null reference. [C:\BCA - PROJECT\NUTRIBITE\NUTRIBITE.csproj]
C:\BCA - PROJECT\NUTRIBITE\Controllers\FavoritesController.cs(75,30): warning CS0168: The variable 'ex' is declared but never used [C:\BCA - PROJECT\NUTRIBITE\NUTRIBITE.csproj]
C:\BCA - PROJECT\NUTRIBITE\Controllers\MenuController.cs(44,29): warning CS8602: Dereference of a possibly null reference. [C:\BCA - PROJECT\NUTRIBITE\NUTRIBITE.csproj]
C:\BCA - PROJECT\NUTRIBITE\Controllers\MenuController.cs(76,79): warning CS8629: Nullable value type may be null. [C:\BCA - PROJECT\NUTRIBITE\NUTRIBITE.csproj]
C:\BCA - PROJECT\NUTRIBITE\Views\Menu\Category.cshtml(76,166): warning CS8629: Nullable value type may be null. [C:\BCA - PROJECT\NUTRIBITE\NUTRIBITE.csproj]
C:\BCA - PROJECT\NUTRIBITE\Views\Menu\Category.cshtml(76,232): warning CS8629: Nullable value type may be null. [C:\BCA - PROJECT\NUTRIBITE\NUTRIBITE.csproj]
C:\BCA - PROJECT\NUTRIBITE\Models\VendorOrderViewModel.cs(7,23): warning CS8618: Non-nullable property 'CustomerName' must contain a non-null value when exiting constructor. Consider adding the 'required' modifier or declaring the property as nullable. [C:\BCA - PROJECT\NUTRIBITE\NUTRIBITE.csproj]
C:\BCA - PROJECT\NUTRIBITE\Models\VendorOrderViewModel.cs(13,23): warning CS8618: Non-nullable property 'FoodItem' must contain a non-null value when exiting constructor. Consider adding the 'required' modifier or declaring the property as nullable. [C:\BCA - PROJECT\NUTRIBITE\NUTRIBITE.csproj]
C:\BCA - PROJECT\NUTRIBITE\Models\VendorOrderViewModel.cs(23,23): warning CS8618: Non-nullable property 'Status' must contain a non-null value when exiting constructor. Consider adding the 'required' modifier or declaring the property as nullable. [C:\BCA - PROJECT\NUTRIBITE\NUTRIBITE.csproj]
C:\BCA - PROJECT\NUTRIBITE\Models\Vendor.cs(8,23): warning CS8618: Non-nullable property 'VendorName' must contain a non-null value when exiting constructor. Consider adding the 'required' modifier or declaring the property as nullable. [C:\BCA - PROJECT\NUTRIBITE\NUTRIBITE.csproj]
C:\BCA - PROJECT\NUTRIBITE\Models\Vendor.cs(9,23): warning CS8618: Non-nullable property 'Email' must contain a non-null value when exiting constructor. Consider adding the 'required' modifier or declaring the property as nullable. [C:\BCA - PROJECT\NUTRIBITE\NUTRIBITE.csproj]
C:\BCA - PROJECT\NUTRIBITE\Services\OrderService.cs(103,51): warning CS8603: Possible null reference return. [C:\BCA - PROJECT\NUTRIBITE\NUTRIBITE.csproj]
C:\BCA - PROJECT\NUTRIBITE\Services\OrderService.cs(164,24): warning CS8603: Possible null reference return. [C:\BCA - PROJECT\NUTRIBITE\NUTRIBITE.csproj]
C:\BCA - PROJECT\NUTRIBITE\Controllers\HomeController.cs(347,31): warning CS8629: Nullable value type may be null. [C:\BCA - PROJECT\NUTRIBITE\NUTRIBITE.csproj]
C:\BCA - PROJECT\NUTRIBITE\Controllers\HomeController.cs(356,32): warning CS8629: Nullable value type may be null. [C:\BCA - PROJECT\NUTRIBITE\NUTRIBITE.csproj]
C:\BCA - PROJECT\NUTRIBITE\Services\OrderService.cs(177,41): warning CS8600: Converting null literal or possible null value to non-nullable type. [C:\BCA - PROJECT\NUTRIBITE\NUTRIBITE.csproj]
C:\BCA - PROJECT\NUTRIBITE\Models\AudienceMenu.cs(10,23): warning CS8618: Non-nullable property 'MenuName' must contain a non-null value when exiting constructor. Consider adding the 'required' modifier or declaring the property as nullable. [C:\BCA - PROJECT\NUTRIBITE\NUTRIBITE.csproj]
C:\BCA - PROJECT\NUTRIBITE\Models\AudienceMenu.cs(12,23): warning CS8618: Non-nullable property 'AudienceType' must contain a non-null value when exiting constructor. Consider adding the 'required' modifier or declaring the property as nullable. [C:\BCA - PROJECT\NUTRIBITE\NUTRIBITE.csproj]
C:\BCA - PROJECT\NUTRIBITE\Models\AudienceMenu.cs(20,23): warning CS8618: Non-nullable property 'ImagePath' must contain a non-null value when exiting constructor. Consider adding the 'required' modifier or declaring the property as nullable. [C:\BCA - PROJECT\NUTRIBITE\NUTRIBITE.csproj]
C:\BCA - PROJECT\NUTRIBITE\Models\BulkItem.cs(14,23): warning CS8618: Non-nullable property 'Name' must contain a non-null value when exiting constructor. Consider adding the 'required' modifier or declaring the property as nullable. [C:\BCA - PROJECT\NUTRIBITE\NUTRIBITE.csproj]
C:\BCA - PROJECT\NUTRIBITE\Services\EmailService.cs(70,44): warning CS8604: Possible null reference argument for parameter 'address' in 'MailAddress.MailAddress(string address, string? displayName)'. [C:\BCA - PROJECT\NUTRIBITE\NUTRIBITE.csproj]
C:\BCA - PROJECT\NUTRIBITE\Models\CartItem.cs(6,23): warning CS8618: Non-nullable property 'Name' must contain a non-null value when exiting constructor. Consider adding the 'required' modifier or declaring the property as nullable. [C:\BCA - PROJECT\NUTRIBITE\NUTRIBITE.csproj]
C:\BCA - PROJECT\NUTRIBITE\Models\CartItem.cs(9,23): warning CS8618: Non-nullable property 'ImageUrl' must contain a non-null value when exiting constructor. Consider adding the 'required' modifier or declaring the property as nullable. [C:\BCA - PROJECT\NUTRIBITE\NUTRIBITE.csproj]
C:\BCA - PROJECT\NUTRIBITE\Models\CartItem.cs(11,23): warning CS8618: Non-nullable property 'SpecialInstructions' must contain a non-null value when exiting constructor. Consider adding the 'required' modifier or declaring the property as nullable. [C:\BCA - PROJECT\NUTRIBITE\NUTRIBITE.csproj]
C:\BCA - PROJECT\NUTRIBITE\Controllers\PaymentController.cs(121,32): warning CS8600: Converting null literal or possible null value to non-nullable type. [C:\BCA - PROJECT\NUTRIBITE\NUTRIBITE.csproj]
C:\BCA - PROJECT\NUTRIBITE\Controllers\PaymentController.cs(122,30): warning CS8600: Converting null literal or possible null value to non-nullable type. [C:\BCA - PROJECT\NUTRIBITE\NUTRIBITE.csproj]
C:\BCA - PROJECT\NUTRIBITE\Controllers\PaymentController.cs(123,32): warning CS8600: Converting null literal or possible null value to non-nullable type. [C:\BCA - PROJECT\NUTRIBITE\NUTRIBITE.csproj]
C:\BCA - PROJECT\NUTRIBITE\Controllers\PaymentController.cs(124,38): warning CS8600: Converting null literal or possible null value to non-nullable type. [C:\BCA - PROJECT\NUTRIBITE\NUTRIBITE.csproj]
C:\BCA - PROJECT\NUTRIBITE\Controllers\PaymentController.cs(129,29): warning CS8600: Converting null literal or possible null value to non-nullable type. [C:\BCA - PROJECT\NUTRIBITE\NUTRIBITE.csproj]
C:\BCA - PROJECT\NUTRIBITE\Controllers\PaymentController.cs(130,27): warning CS8600: Converting null literal or possible null value to non-nullable type. [C:\BCA - PROJECT\NUTRIBITE\NUTRIBITE.csproj]
C:\BCA - PROJECT\NUTRIBITE\Controllers\PaymentController.cs(131,29): warning CS8600: Converting null literal or possible null value to non-nullable type. [C:\BCA - PROJECT\NUTRIBITE\NUTRIBITE.csproj]
C:\BCA - PROJECT\NUTRIBITE\Controllers\PaymentController.cs(132,35): warning CS8600: Converting null literal or possible null value to non-nullable type. [C:\BCA - PROJECT\NUTRIBITE\NUTRIBITE.csproj]
C:\BCA - PROJECT\NUTRIBITE\Controllers\PaymentController.cs(151,108): warning CS8600: Converting null literal or possible null value to non-nullable type. [C:\BCA - PROJECT\NUTRIBITE\NUTRIBITE.csproj]
C:\BCA - PROJECT\NUTRIBITE\Controllers\PaymentController.cs(152,104): warning CS8600: Converting null literal or possible null value to non-nullable type. [C:\BCA - PROJECT\NUTRIBITE\NUTRIBITE.csproj]
C:\BCA - PROJECT\NUTRIBITE\Controllers\PaymentController.cs(153,107): warning CS8600: Converting null literal or possible null value to non-nullable type. [C:\BCA - PROJECT\NUTRIBITE\NUTRIBITE.csproj]
C:\BCA - PROJECT\NUTRIBITE\Controllers\PaymentController.cs(160,51): warning CS8600: Converting null literal or possible null value to non-nullable type. [C:\BCA - PROJECT\NUTRIBITE\NUTRIBITE.csproj]
C:\BCA - PROJECT\NUTRIBITE\Services\CategorisationService.cs(35,38): warning CS8600: Converting null literal or possible null value to non-nullable type. [C:\BCA - PROJECT\NUTRIBITE\NUTRIBITE.csproj]
C:\BCA - PROJECT\NUTRIBITE\Views\Users\Edit.cshtml(15,44): warning CS8602: Dereference of a possibly null reference. [C:\BCA - PROJECT\NUTRIBITE\NUTRIBITE.csproj]
C:\BCA - PROJECT\NUTRIBITE\Views\Home\Index.cshtml(102,43): warning CS8604: Possible null reference argument for parameter 'source' in 'bool Enumerable.Any<Food>(IEnumerable<Food> source)'. [C:\BCA - PROJECT\NUTRIBITE\NUTRIBITE.csproj]
C:\BCA - PROJECT\NUTRIBITE\Views\Home\Index.cshtml(118,40): warning CS8602: Dereference of a possibly null reference. [C:\BCA - PROJECT\NUTRIBITE\NUTRIBITE.csproj]
C:\BCA - PROJECT\NUTRIBITE\Views\Home\Index.cshtml(173,49): warning CS8604: Possible null reference argument for parameter 'source' in 'bool Enumerable.Any<AddCategory>(IEnumerable<AddCategory> source)'. [C:\BCA - PROJECT\NUTRIBITE\NUTRIBITE.csproj]
C:\BCA - PROJECT\NUTRIBITE\Views\Home\Index.cshtml(175,38): warning CS8602: Dereference of a possibly null reference. [C:\BCA - PROJECT\NUTRIBITE\NUTRIBITE.csproj]
C:\BCA - PROJECT\NUTRIBITE\Models\DailyCalorieEntry.cs(10,23): warning CS8618: Non-nullable property 'FoodName' must contain a non-null value when exiting constructor. Consider adding the 'required' modifier or declaring the property as nullable. [C:\BCA - PROJECT\NUTRIBITE\NUTRIBITE.csproj]
C:\BCA - PROJECT\NUTRIBITE\Services\GoogleAuthService.cs(60,28): warning CS8619: Nullability of reference types in value of type '(bool, string Email, string Name, string, string?)' doesn't match target type '(bool Success, string Email, string Name, string Picture, string Error)'. [C:\BCA - PROJECT\NUTRIBITE\NUTRIBITE.csproj]
C:\BCA - PROJECT\NUTRIBITE\Services\GoogleAuthService.cs(63,24): warning CS8619: Nullability of reference types in value of type '(bool, string, string, string, string?)' doesn't match target type '(bool Success, string Email, string Name, string Picture, string Error)'. [C:\BCA - PROJECT\NUTRIBITE\NUTRIBITE.csproj]
C:\BCA - PROJECT\NUTRIBITE\Services\GoogleAuthService.cs(71,36): warning CS8604: Possible null reference argument for parameter 'value' in 'void Dictionary<string, string>.Add(string key, string value)'. [C:\BCA - PROJECT\NUTRIBITE\NUTRIBITE.csproj]
C:\BCA - PROJECT\NUTRIBITE\Services\GoogleAuthService.cs(72,35): warning CS8604: Possible null reference argument for parameter 'value' in 'void Dictionary<string, string>.Add(string key, string value)'. [C:\BCA - PROJECT\NUTRIBITE\NUTRIBITE.csproj]
C:\BCA - PROJECT\NUTRIBITE\Services\GoogleAuthService.cs(80,24): warning CS8619: Nullability of reference types in value of type '(bool, string?, string?, string?, string)' doesn't match target type '(bool Success, string Email, string Name, string Picture, string Error)'. [C:\BCA - PROJECT\NUTRIBITE\NUTRIBITE.csproj]
C:\BCA - PROJECT\NUTRIBITE\Services\GoogleAuthService.cs(92,24): warning CS8619: Nullability of reference types in value of type '(bool, string?, string?, string?, string)' doesn't match target type '(bool Success, string Email, string Name, string Picture, string Error)'. [C:\BCA - PROJECT\NUTRIBITE\NUTRIBITE.csproj]
C:\BCA - PROJECT\NUTRIBITE\Services\GoogleAuthService.cs(98,99): warning CS8602: Dereference of a possibly null reference. [C:\BCA - PROJECT\NUTRIBITE\NUTRIBITE.csproj]
C:\BCA - PROJECT\NUTRIBITE\Services\GoogleAuthService.cs(101,20): warning CS8619: Nullability of reference types in value of type '(bool, string? email, string? name, string? picture, string?)' doesn't match target type '(bool Success, string Email, string Name, string Picture, string Error)'. [C:\BCA - PROJECT\NUTRIBITE\NUTRIBITE.csproj]
C:\BCA - PROJECT\NUTRIBITE\Controllers\ReportsController.cs(88,50): warning CS8600: Converting null literal or possible null value to non-nullable type. [C:\BCA - PROJECT\NUTRIBITE\NUTRIBITE.csproj]
C:\BCA - PROJECT\NUTRIBITE\Controllers\ReportsController.cs(152,35): warning CS8629: Nullable value type may be null. [C:\BCA - PROJECT\NUTRIBITE\NUTRIBITE.csproj]
C:\BCA - PROJECT\NUTRIBITE\Controllers\ReportsController.cs(163,35): warning CS8629: Nullable value type may be null. [C:\BCA - PROJECT\NUTRIBITE\NUTRIBITE.csproj]
C:\BCA - PROJECT\NUTRIBITE\Controllers\ReportsController.cs(295,35): warning CS8629: Nullable value type may be null. [C:\BCA - PROJECT\NUTRIBITE\NUTRIBITE.csproj]
C:\BCA - PROJECT\NUTRIBITE\Controllers\ReportsController.cs(362,41): warning CS8629: Nullable value type may be null. [C:\BCA - PROJECT\NUTRIBITE\NUTRIBITE.csproj]
C:\BCA - PROJECT\NUTRIBITE\Controllers\ReportsController.cs(408,35): warning CS8629: Nullable value type may be null. [C:\BCA - PROJECT\NUTRIBITE\NUTRIBITE.csproj]
C:\BCA - PROJECT\NUTRIBITE\Controllers\ReportsController.cs(496,53): warning CS8604: Possible null reference argument for parameter 'item' in 'bool List<string>.Contains(string item)'. [C:\BCA - PROJECT\NUTRIBITE\NUTRIBITE.csproj]
C:\BCA - PROJECT\NUTRIBITE\Controllers\ReportsController.cs(743,21): warning CS8602: Dereference of a possibly null reference. [C:\BCA - PROJECT\NUTRIBITE\NUTRIBITE.csproj]
C:\BCA - PROJECT\NUTRIBITE\Controllers\ReportsController.cs(744,21): warning CS8602: Dereference of a possibly null reference. [C:\BCA - PROJECT\NUTRIBITE\NUTRIBITE.csproj]
C:\BCA - PROJECT\NUTRIBITE\Controllers\ReportsController.cs(745,21): warning CS8602: Dereference of a possibly null reference. [C:\BCA - PROJECT\NUTRIBITE\NUTRIBITE.csproj]
C:\BCA - PROJECT\NUTRIBITE\Tests\PaymentDistributionServiceTests.cs(14,49): warning CS0169: The field 'PaymentDistributionServiceTests._mockDb' is never used [C:\BCA - PROJECT\NUTRIBITE\NUTRIBITE.csproj]
C:\BCA - PROJECT\NUTRIBITE\Views\Shared\_PublicLayout.cshtml(313,10): error CS0103: The name 'keyframes' does not exist in the current context [C:\BCA - PROJECT\NUTRIBITE\NUTRIBITE.csproj]
C:\BCA - PROJECT\NUTRIBITE\Views\Shared\_PublicLayout.cshtml(384,10): error CS0103: The name 'media' does not exist in the current context [C:\BCA - PROJECT\NUTRIBITE\NUTRIBITE.csproj]
C:\BCA - PROJECT\NUTRIBITE\Views\Shared\_PublicLayout.cshtml(389,10): error CS0103: The name 'media' does not exist in the current context [C:\BCA - PROJECT\NUTRIBITE\NUTRIBITE.csproj]
C:\BCA - PROJECT\NUTRIBITE\Views\Shared\_PublicLayout.cshtml(398,10): error CS0103: The name 'media' does not exist in the current context [C:\BCA - PROJECT\NUTRIBITE\NUTRIBITE.csproj]
    129 Warning(s)
    4 Error(s)

Time Elapsed 00:00:03.85
